[jainuden.github.io/TugasInt.github.io/index.html]
[backblue.gif]
[fade.gif]
[index.html]
[jainuden.github.io/TugasInt.github.io/css/bootstrap.min7359.css]
[jainuden.github.io/TugasInt.github.io/css/main7359.css]
[jainuden.github.io/TugasInt.github.io/images/Tema.jpg]
[jainuden.github.io/TugasInt.github.io/images/Mbak.jpg]
[jainuden.github.io/TugasInt.github.io/images/Pak Erick.jpg]
[jainuden.github.io/TugasInt.github.io/images/Jain.jpg]
[jainuden.github.io/TugasInt.github.io/images/5-start-simple-slider.jpg]
[jainuden.github.io/TugasInt.github.io/images/6-start-simple-slider.jpg]
[jainuden.github.io/TugasInt.github.io/images/7-start-simple-slider.jpg]
[jainuden.github.io/TugasInt.github.io/scripts/jquery.slim.min7359.js]
[jainuden.github.io/TugasInt.github.io/scripts/bootstrap.bundle.min7359.js]
[jainuden.github.io/TugasInt.github.io/scripts/parallax.min7359.js]
[jainuden.github.io/TugasInt.github.io/scripts/main7359.js]
[jainuden.github.io/TugasInt.github.io/index.html]
[jainuden.github.io/TugasInt.github.io/css/bootstrap.min7359.css]
[jainuden.github.io/TugasInt.github.io/css/main7359.css]
